// Jest Snapshot v1, https://goo.gl/fbAQLP

exports[`GalleryButton 초기 렌더링 스냅샷 일치함 1`] = `
<consumer(GalleryButton)>
  <GalleryButton
    actions={
      Object {
        "add": [Function],
        "cut": [Function],
        "decrement": [Function],
        "increment": [Function],
      }
    }
    count={0}
    data={
      Object {
        "id": 0,
      }
    }
    selectImageArr={Array []}
  >
    <Button
      onClick={[Function]}
      style={
        Object {
          "backgroundColor": "orange",
          "height": 100,
          "marginBottom": 10,
          "position": "relative",
          "width": 100,
        }
      }
    >
      <styled.div
        onClick={[Function]}
        role="button"
        style={
          Object {
            "backgroundColor": "orange",
            "height": 100,
            "marginBottom": 10,
            "position": "relative",
            "width": 100,
          }
        }
        tabIndex="-1"
      >
        <StyledComponent
          forwardedComponent={
            Object {
              "$$typeof": Symbol(react.forward_ref),
              "attrs": Array [],
              "componentStyle": ComponentStyle {
                "componentId": "sc-bdVaJa",
                "isStatic": true,
                "lastClassName": "FLNkv",
                "rules": Array [
                  "
  text-align: center;
  cursor: pointer;

  box-sizing: border-box;
  -webkit-box-sizing: border-box;
  -moz-box-sizing: border-box;
  -ms-box-sizing: border-box;
  -o-box-sizing: border-box;
",
                ],
              },
              "displayName": "styled.div",
              "foldedComponentIds": Array [],
              "render": [Function],
              "styledComponentId": "sc-bdVaJa",
              "target": "div",
              "toString": [Function],
              "warnTooManyClasses": [Function],
              "withComponent": [Function],
            }
          }
          forwardedRef={null}
          onClick={[Function]}
          role="button"
          style={
            Object {
              "backgroundColor": "orange",
              "height": 100,
              "marginBottom": 10,
              "position": "relative",
              "width": 100,
            }
          }
          tabIndex="-1"
        >
          <div
            className="sc-bdVaJa FLNkv"
            onClick={[Function]}
            role="button"
            style={
              Object {
                "backgroundColor": "orange",
                "height": 100,
                "marginBottom": 10,
                "position": "relative",
                "width": 100,
              }
            }
            tabIndex="-1"
          >
            <p
              style={
                Object {
                  "position": "absolute",
                }
              }
            >
              1
            </p>
            <div
              style={
                Object {
                  "backgroundColor": "rgba(0, 0, 0, 0.28)",
                  "height": "100%",
                  "left": 0,
                  "position": "absolute",
                  "top": 0,
                  "width": "100%",
                }
              }
            >
              <div
                style={
                  Object {
                    "alignItems": "center",
                    "backgroundColor": "#01bafa",
                    "borderRadius": 9,
                    "color": "#fff",
                    "display": "flex",
                    "fontSize": 9,
                    "fontWeight": "bold",
                    "height": 18,
                    "justifyContent": "center",
                    "position": "absolute",
                    "right": 4,
                    "top": 4,
                    "width": 18,
                  }
                }
              >
                0
              </div>
            </div>
            <img
              alt=""
              style={
                Object {
                  "height": "100%",
                  "width": "100%",
                }
              }
            />
          </div>
        </StyledComponent>
      </styled.div>
    </Button>
  </GalleryButton>
</consumer(GalleryButton)>
`;
